{
  "Resources": {
    "queue": {
      "Type": "AWS::SQS::Queue"
    },
    "Alarm7103F465": {
      "Type": "AWS::CloudWatch::Alarm",
      "Properties": {
        "ComparisonOperator": "GreaterThanOrEqualToThreshold",
        "EvaluationPeriods": 3,
        "DatapointsToAlarm": 2,
        "Dimensions": [
          {
            "Name": "QueueName",
            "Value": {
              "Fn::GetAtt": [
                "queue",
                "QueueName"
              ]
            }
          }
        ],
        "MetricName": "ApproximateNumberOfMessagesVisible",
        "Namespace": "AWS/SQS",
        "Period": 300,
        "Statistic": "Average",
        "Threshold": 100
      }
    },
    "ComplexAlarmA8F1D103": {
      "Type": "AWS::CloudWatch::Alarm",
      "Properties": {
        "ComparisonOperator": "GreaterThanOrEqualToThreshold",
        "EvaluationPeriods": 3,
        "Metrics": [
          {
            "Id": "approximatenumberofmessagesvisible",
            "MetricStat": {
              "Metric": {
                "Dimensions": [
                  {
                    "Name": "QueueName",
                    "Value": {
                      "Fn::GetAtt": [
                        "queue",
                        "QueueName"
                      ]
                    }
                  }
                ],
                "MetricName": "ApproximateNumberOfMessagesVisible",
                "Namespace": "AWS/SQS"
              },
              "Period": 300,
              "Stat": "Average"
            },
            "ReturnData": false
          },
          {
            "Expression": "SUM(METRICS())",
            "Id": "e1",
            "ReturnData": true
          }
        ],
        "Threshold": 100
      }
    },
    "DashCCD7F836": {
      "Type": "AWS::CloudWatch::Dashboard",
      "Properties": {
        "DashboardBody": {
          "Fn::Join": [
            "",
            [
              "{\"start\":\"-9H\",\"end\":\"2018-12-17T06:00:00.000Z\",\"periodOverride\":\"inherit\",\"widgets\":[{\"type\":\"text\",\"width\":6,\"height\":2,\"x\":0,\"y\":0,\"properties\":{\"markdown\":\"# This is my dashboard\"}},{\"type\":\"text\",\"width\":6,\"height\":2,\"x\":6,\"y\":0,\"properties\":{\"markdown\":\"you like?\"}},{\"type\":\"metric\",\"width\":6,\"height\":6,\"x\":0,\"y\":2,\"properties\":{\"view\":\"timeSeries\",\"title\":\"Messages in queue\",\"region\":\"",
              {
                "Ref": "AWS::Region"
              },
              "\",\"annotations\":{\"alarms\":[\"",
              {
                "Fn::GetAtt": [
                  "Alarm7103F465",
                  "Arn"
                ]
              },
              "\"]},\"yAxis\":{}}},{\"type\":\"metric\",\"width\":6,\"height\":6,\"x\":0,\"y\":8,\"properties\":{\"view\":\"timeSeries\",\"title\":\"More messages in queue with alarm annotation\",\"region\":\"",
              {
                "Ref": "AWS::Region"
              },
              "\",\"metrics\":[[\"AWS/SQS\",\"ApproximateNumberOfMessagesVisible\",\"QueueName\",\"",
              {
                "Fn::GetAtt": [
                  "queue",
                  "QueueName"
                ]
              },
              "\",{\"period\":300,\"stat\":\"Average\",\"yAxis\":\"left\",\"id\":\"approximatenumberofmessagesvisible\"}]],\"annotations\":{\"horizontal\":[{\"label\":\"ApproximateNumberOfMessagesVisible >= 100 for 3 datapoints within 15 minutes\",\"value\":100,\"yAxis\":\"left\"}]},\"yAxis\":{}}},{\"type\":\"metric\",\"width\":6,\"height\":3,\"x\":0,\"y\":14,\"properties\":{\"view\":\"singleValue\",\"title\":\"Current messages in queue\",\"region\":\"",
              {
                "Ref": "AWS::Region"
              },
              "\",\"metrics\":[[\"AWS/SQS\",\"ApproximateNumberOfMessagesVisible\",\"QueueName\",\"",
              {
                "Fn::GetAtt": [
                  "queue",
                  "QueueName"
                ]
              },
              "\",{\"period\":300,\"stat\":\"Average\",\"yAxis\":\"left\",\"id\":\"approximatenumberofmessagesvisible\"}]]}},{\"type\":\"metric\",\"width\":6,\"height\":6,\"x\":0,\"y\":17,\"properties\":{\"view\":\"timeSeries\",\"title\":\"My time series\",\"region\":\"",
              {
                "Ref": "AWS::Region"
              },
              "\",\"metrics\":[[\"AWS/SQS\",\"ApproximateNumberOfMessagesVisible\",\"QueueName\",\"",
              {
                "Fn::GetAtt": [
                  "queue",
                  "QueueName"
                ]
              },
              "\",{\"period\":300,\"stat\":\"Average\",\"yAxis\":\"left\",\"id\":\"approximatenumberofmessagesvisible\"}],[{\"expression\":\"SUM(METRICS())\",\"id\":\"e1\"}]],\"yAxis\":{}}},{\"type\":\"metric\",\"width\":6,\"height\":6,\"x\":0,\"y\":23,\"properties\":{\"view\":\"timeSeries\",\"region\":\"",
              {
                "Ref": "AWS::Region"
              },
              "\",\"annotations\":{\"alarms\":[\"",
              {
                "Fn::GetAtt": [
                  "ComplexAlarmA8F1D103",
                  "Arn"
                ]
              },
              "\"]},\"yAxis\":{}}}]}"
            ]
          ]
        },
        "DashboardName": "MyCustomDashboardName"
      }
    }
  }
}